# JMH version: 1.37
# VM version: JDK 21.0.7, Java HotSpot(TM) 64-Bit Server VM, 21.0.7+8-LTS-245
# VM invoker: /Library/Java/JavaVirtualMachines/jdk-21.jdk/Contents/Home/bin/java
# VM options: -Xms1g -Xmx1g
# Blackhole mode: compiler (auto-detected, use -Djmh.blackhole.autoDetect=false to disable)
# Warmup: 3 iterations, 1 s each
# Measurement: 5 iterations, 1 s each
# Timeout: 10 min per iteration
# Threads: 1 thread, will synchronize iterations
# Benchmark mode: Throughput, ops/time
# Benchmark: io.github.susongyan.bobastraw.benchmarks.RedisBinaryLargeValueBenchmark.set
# Parameters: (endpoint = redis://127.0.0.1:17379, protocol = AUTO, valueBytes = 1024)

# Run progress: 0.00% complete, ETA 00:00:24
# Fork: 1 of 1
# Warmup Iteration   1: 120.715 ops/s
# Warmup Iteration   2: 136.396 ops/s
# Warmup Iteration   3: 132.330 ops/s
Iteration   1: 114.969 ops/s
                 gc.alloc.rate:      0.376 MB/sec
                 gc.alloc.rate.norm: 3434.759 B/op
                 gc.count:           ≈ 0 counts

Iteration   2: 166.687 ops/s
                 gc.alloc.rate:      0.542 MB/sec
                 gc.alloc.rate.norm: 3412.095 B/op
                 gc.count:           ≈ 0 counts

Iteration   3: 113.448 ops/s
                 gc.alloc.rate:      0.370 MB/sec
                 gc.alloc.rate.norm: 3418.105 B/op
                 gc.count:           ≈ 0 counts

Iteration   4: 220.930 ops/s
                 gc.alloc.rate:      0.716 MB/sec
                 gc.alloc.rate.norm: 3398.126 B/op
                 gc.count:           ≈ 0 counts

Iteration   5: 194.214 ops/s
                 gc.alloc.rate:      0.632 MB/sec
                 gc.alloc.rate.norm: 3448.000 B/op
                 gc.count:           ≈ 0 counts



Result "io.github.susongyan.bobastraw.benchmarks.RedisBinaryLargeValueBenchmark.set":
  162.050 ±(99.9%) 183.680 ops/s [Average]
  (min, avg, max) = (113.448, 162.050, 220.930), stdev = 47.701
  CI (99.9%): [≈ 0, 345.729] (assumes normal distribution)

Secondary result "io.github.susongyan.bobastraw.benchmarks.RedisBinaryLargeValueBenchmark.set:gc.alloc.rate":
  0.527 ±(99.9%) 0.591 MB/sec [Average]
  (min, avg, max) = (0.370, 0.527, 0.716), stdev = 0.154
  CI (99.9%): [≈ 0, 1.118] (assumes normal distribution)

Secondary result "io.github.susongyan.bobastraw.benchmarks.RedisBinaryLargeValueBenchmark.set:gc.alloc.rate.norm":
  3422.217 ±(99.9%) 75.107 B/op [Average]
  (min, avg, max) = (3398.126, 3422.217, 3448.000), stdev = 19.505
  CI (99.9%): [3347.110, 3497.324] (assumes normal distribution)

Secondary result "io.github.susongyan.bobastraw.benchmarks.RedisBinaryLargeValueBenchmark.set:gc.count":
  ≈ 0 counts


# JMH version: 1.37
# VM version: JDK 21.0.7, Java HotSpot(TM) 64-Bit Server VM, 21.0.7+8-LTS-245
# VM invoker: /Library/Java/JavaVirtualMachines/jdk-21.jdk/Contents/Home/bin/java
# VM options: -Xms1g -Xmx1g
# Blackhole mode: compiler (auto-detected, use -Djmh.blackhole.autoDetect=false to disable)
# Warmup: 3 iterations, 1 s each
# Measurement: 5 iterations, 1 s each
# Timeout: 10 min per iteration
# Threads: 1 thread, will synchronize iterations
# Benchmark mode: Throughput, ops/time
# Benchmark: io.github.susongyan.bobastraw.benchmarks.RedisBinaryLargeValueBenchmark.set
# Parameters: (endpoint = redis://127.0.0.1:17379, protocol = AUTO, valueBytes = 65536)

# Run progress: 33.33% complete, ETA 00:00:18
# Fork: 1 of 1
# Warmup Iteration   1: 128.143 ops/s
# Warmup Iteration   2: 97.514 ops/s
# Warmup Iteration   3: 129.447 ops/s
Iteration   1: 181.975 ops/s
                 gc.alloc.rate:      11.826 MB/sec
                 gc.alloc.rate.norm: 68157.858 B/op
                 gc.count:           ≈ 0 counts

Iteration   2: 185.254 ops/s
                 gc.alloc.rate:      12.037 MB/sec
                 gc.alloc.rate.norm: 68147.785 B/op
                 gc.count:           1.000 counts
                 gc.time:            3.000 ms

Iteration   3: 211.982 ops/s
                 gc.alloc.rate:      13.776 MB/sec
                 gc.alloc.rate.norm: 68154.554 B/op
                 gc.count:           ≈ 0 counts

Iteration   4: 203.493 ops/s
                 gc.alloc.rate:      13.172 MB/sec
                 gc.alloc.rate.norm: 67888.039 B/op
                 gc.count:           ≈ 0 counts

Iteration   5: 175.716 ops/s
                 gc.alloc.rate:      11.257 MB/sec
                 gc.alloc.rate.norm: 67740.591 B/op
                 gc.count:           ≈ 0 counts



Result "io.github.susongyan.bobastraw.benchmarks.RedisBinaryLargeValueBenchmark.set":
  191.684 ±(99.9%) 59.093 ops/s [Average]
  (min, avg, max) = (175.716, 191.684, 211.982), stdev = 15.346
  CI (99.9%): [132.591, 250.778] (assumes normal distribution)

Secondary result "io.github.susongyan.bobastraw.benchmarks.RedisBinaryLargeValueBenchmark.set:gc.alloc.rate":
  12.414 ±(99.9%) 3.972 MB/sec [Average]
  (min, avg, max) = (11.257, 12.414, 13.776), stdev = 1.031
  CI (99.9%): [8.442, 16.385] (assumes normal distribution)

Secondary result "io.github.susongyan.bobastraw.benchmarks.RedisBinaryLargeValueBenchmark.set:gc.alloc.rate.norm":
  68017.765 ±(99.9%) 742.927 B/op [Average]
  (min, avg, max) = (67740.591, 68017.765, 68157.858), stdev = 192.936
  CI (99.9%): [67274.839, 68760.692] (assumes normal distribution)

Secondary result "io.github.susongyan.bobastraw.benchmarks.RedisBinaryLargeValueBenchmark.set:gc.count":
  1.000 ±(99.9%) 0.001 counts [Sum]
  (min, avg, max) = (≈ 0, 0.200, 1.000), stdev = 0.447
  CI (99.9%): [1.000, 1.000] (assumes normal distribution)

Secondary result "io.github.susongyan.bobastraw.benchmarks.RedisBinaryLargeValueBenchmark.set:gc.time":
  3.000 ±(99.9%) 0.001 ms [Sum]
  (min, avg, max) = (≈ 0, 0.600, 3.000), stdev = 1.342
  CI (99.9%): [3.000, 3.000] (assumes normal distribution)


# JMH version: 1.37
# VM version: JDK 21.0.7, Java HotSpot(TM) 64-Bit Server VM, 21.0.7+8-LTS-245
# VM invoker: /Library/Java/JavaVirtualMachines/jdk-21.jdk/Contents/Home/bin/java
# VM options: -Xms1g -Xmx1g
# Blackhole mode: compiler (auto-detected, use -Djmh.blackhole.autoDetect=false to disable)
# Warmup: 3 iterations, 1 s each
# Measurement: 5 iterations, 1 s each
# Timeout: 10 min per iteration
# Threads: 1 thread, will synchronize iterations
# Benchmark mode: Throughput, ops/time
# Benchmark: io.github.susongyan.bobastraw.benchmarks.RedisBinaryLargeValueBenchmark.set
# Parameters: (endpoint = redis://127.0.0.1:17379, protocol = AUTO, valueBytes = 1048576)

# Run progress: 66.67% complete, ETA 00:00:09
# Fork: 1 of 1
# Warmup Iteration   1: 32.166 ops/s
# Warmup Iteration   2: 38.153 ops/s
# Warmup Iteration   3: 38.109 ops/s
Iteration   1: 46.433 ops/s
                 gc.alloc.rate:      46.696 MB/sec
                 gc.alloc.rate.norm: 1054800.681 B/op
                 gc.count:           ≈ 0 counts

Iteration   2: 19.553 ops/s
                 gc.alloc.rate:      19.668 MB/sec
                 gc.alloc.rate.norm: 1055017.200 B/op
                 gc.count:           ≈ 0 counts

Iteration   3: 50.801 ops/s
                 gc.alloc.rate:      51.087 MB/sec
                 gc.alloc.rate.norm: 1054784.471 B/op
                 gc.count:           1.000 counts
                 gc.time:            5.000 ms

Iteration   4: 51.509 ops/s
                 gc.alloc.rate:      51.783 MB/sec
                 gc.alloc.rate.norm: 1054490.000 B/op
                 gc.count:           ≈ 0 counts

Iteration   5: 48.309 ops/s
                 gc.alloc.rate:      48.045 MB/sec
                 gc.alloc.rate.norm: 1053726.694 B/op
                 gc.count:           ≈ 0 counts



Result "io.github.susongyan.bobastraw.benchmarks.RedisBinaryLargeValueBenchmark.set":
  43.321 ±(99.9%) 51.751 ops/s [Average]
  (min, avg, max) = (19.553, 43.321, 51.509), stdev = 13.440
  CI (99.9%): [≈ 0, 95.072] (assumes normal distribution)

Secondary result "io.github.susongyan.bobastraw.benchmarks.RedisBinaryLargeValueBenchmark.set:gc.alloc.rate":
  43.456 ±(99.9%) 51.840 MB/sec [Average]
  (min, avg, max) = (19.668, 43.456, 51.783), stdev = 13.463
  CI (99.9%): [≈ 0, 95.296] (assumes normal distribution)

Secondary result "io.github.susongyan.bobastraw.benchmarks.RedisBinaryLargeValueBenchmark.set:gc.alloc.rate.norm":
  1054563.809 ±(99.9%) 1941.210 B/op [Average]
  (min, avg, max) = (1053726.694, 1054563.809, 1055017.200), stdev = 504.126
  CI (99.9%): [1052622.599, 1056505.019] (assumes normal distribution)

Secondary result "io.github.susongyan.bobastraw.benchmarks.RedisBinaryLargeValueBenchmark.set:gc.count":
  1.000 ±(99.9%) 0.001 counts [Sum]
  (min, avg, max) = (≈ 0, 0.200, 1.000), stdev = 0.447
  CI (99.9%): [1.000, 1.000] (assumes normal distribution)

Secondary result "io.github.susongyan.bobastraw.benchmarks.RedisBinaryLargeValueBenchmark.set:gc.time":
  5.000 ±(99.9%) 0.001 ms [Sum]
  (min, avg, max) = (≈ 0, 1.000, 5.000), stdev = 2.236
  CI (99.9%): [5.000, 5.000] (assumes normal distribution)


# Run complete. Total time: 00:00:27

REMEMBER: The numbers below are just data. To gain reusable insights, you need to follow up on
why the numbers are the way they are. Use profilers (see -prof, -lprof), design factorial
experiments, perform baseline and negative tests that provide experimental control, make sure
the benchmarking environment is safe on JVM/OS/HW level, ask for reviews from the domain experts.
Do not assume the numbers tell you what you want them to tell.

NOTE: Current JVM experimentally supports Compiler Blackholes, and they are in use. Please exercise
extra caution when trusting the results, look into the generated code to check the benchmark still
works, and factor in a small probability of new VM bugs. Additionally, while comparisons between
different JVMs are already problematic, the performance difference caused by different Blackhole
modes can be very significant. Please make sure you use the consistent Blackhole mode for comparisons.

Benchmark                                                           (endpoint)  (protocol)  (valueBytes)   Mode  Cnt        Score      Error   Units
RedisBinaryLargeValueBenchmark.set                     redis://127.0.0.1:17379        AUTO          1024  thrpt    5      162.050 ±  183.680   ops/s
RedisBinaryLargeValueBenchmark.set:gc.alloc.rate       redis://127.0.0.1:17379        AUTO          1024  thrpt    5        0.527 ±    0.591  MB/sec
RedisBinaryLargeValueBenchmark.set:gc.alloc.rate.norm  redis://127.0.0.1:17379        AUTO          1024  thrpt    5     3422.217 ±   75.107    B/op
RedisBinaryLargeValueBenchmark.set:gc.count            redis://127.0.0.1:17379        AUTO          1024  thrpt    5          ≈ 0             counts
RedisBinaryLargeValueBenchmark.set                     redis://127.0.0.1:17379        AUTO         65536  thrpt    5      191.684 ±   59.093   ops/s
RedisBinaryLargeValueBenchmark.set:gc.alloc.rate       redis://127.0.0.1:17379        AUTO         65536  thrpt    5       12.414 ±    3.972  MB/sec
RedisBinaryLargeValueBenchmark.set:gc.alloc.rate.norm  redis://127.0.0.1:17379        AUTO         65536  thrpt    5    68017.765 ±  742.927    B/op
RedisBinaryLargeValueBenchmark.set:gc.count            redis://127.0.0.1:17379        AUTO         65536  thrpt    5        1.000             counts
RedisBinaryLargeValueBenchmark.set:gc.time             redis://127.0.0.1:17379        AUTO         65536  thrpt    5        3.000                 ms
RedisBinaryLargeValueBenchmark.set                     redis://127.0.0.1:17379        AUTO       1048576  thrpt    5       43.321 ±   51.751   ops/s
RedisBinaryLargeValueBenchmark.set:gc.alloc.rate       redis://127.0.0.1:17379        AUTO       1048576  thrpt    5       43.456 ±   51.840  MB/sec
RedisBinaryLargeValueBenchmark.set:gc.alloc.rate.norm  redis://127.0.0.1:17379        AUTO       1048576  thrpt    5  1054563.809 ± 1941.210    B/op
RedisBinaryLargeValueBenchmark.set:gc.count            redis://127.0.0.1:17379        AUTO       1048576  thrpt    5        1.000             counts
RedisBinaryLargeValueBenchmark.set:gc.time             redis://127.0.0.1:17379        AUTO       1048576  thrpt    5        5.000                 ms

Benchmark result is saved to docs/benchmarks/results/20260928-c5-binary-frame-diagnostic/03-B.json
