[INFO] Scanning for projects...
[INFO] ------------------------------------------------------------------------
[INFO] Reactor Build Order:
[INFO] 
[INFO] Boba Straw                                                         [pom]
[INFO] Boba Straw Core                                                    [jar]
[INFO] Boba Straw Benchmarks                                              [jar]
[INFO] 
[INFO] ---------------< io.github.susongyan:boba-straw-parent >----------------
[INFO] Building Boba Straw 0.1.0-SNAPSHOT                                 [1/3]
[INFO]   from pom.xml
[INFO] --------------------------------[ pom ]---------------------------------
[INFO] 
[INFO] ----------------< io.github.susongyan:boba-straw-core >-----------------
[INFO] Building Boba Straw Core 0.1.0-SNAPSHOT                            [2/3]
[INFO]   from boba-straw-core/pom.xml
[INFO] --------------------------------[ jar ]---------------------------------
[INFO] 
[INFO] --- resources:3.3.1:resources (default-resources) @ boba-straw-core ---
[INFO] skip non existing resourceDirectory /private/tmp/boba-straw-c5-ab-uSfXF0/baseline/boba-straw-core/src/main/resources
[INFO] 
[INFO] --- compiler:3.13.0:compile (default-compile) @ boba-straw-core ---
[INFO] Recompiling the module because of changed source code.
[INFO] Compiling 51 source files with javac [debug target 1.8] to target/classes
[WARNING] 未与 -source 8 一起设置引导类路径
[WARNING] 源值 8 已过时，将在未来发行版中删除
[WARNING] 目标值 8 已过时，将在未来发行版中删除
[WARNING] 要隐藏有关已过时选项的警告, 请使用 -Xlint:-options。
[INFO] 
[INFO] --- resources:3.3.1:testResources (default-testResources) @ boba-straw-core ---
[INFO] Not copying test resources
[INFO] 
[INFO] --- compiler:3.13.0:testCompile (default-testCompile) @ boba-straw-core ---
[INFO] Not compiling test sources
[INFO] 
[INFO] --- surefire:3.2.5:test (default-test) @ boba-straw-core ---
[INFO] Tests are skipped.
[INFO] 
[INFO] --- jar:3.3.0:jar (default-jar) @ boba-straw-core ---
[INFO] Building jar: /private/tmp/boba-straw-c5-ab-uSfXF0/baseline/boba-straw-core/target/boba-straw-core-0.1.0-SNAPSHOT.jar
[INFO] 
[INFO] -------------< io.github.susongyan:boba-straw-benchmarks >--------------
[INFO] Building Boba Straw Benchmarks 0.1.0-SNAPSHOT                      [3/3]
[INFO]   from boba-straw-benchmarks/pom.xml
[INFO] --------------------------------[ jar ]---------------------------------
[INFO] 
[INFO] --- resources:3.3.1:resources (default-resources) @ boba-straw-benchmarks ---
[INFO] skip non existing resourceDirectory /private/tmp/boba-straw-c5-ab-uSfXF0/baseline/boba-straw-benchmarks/src/main/resources
[INFO] 
[INFO] --- compiler:3.13.0:compile (default-compile) @ boba-straw-benchmarks ---
[INFO] Recompiling the module because of changed dependency.
[INFO] Compiling 10 source files with javac [debug target 1.8] to target/classes
[WARNING] 未与 -source 8 一起设置引导类路径
[WARNING] 源值 8 已过时，将在未来发行版中删除
[WARNING] 目标值 8 已过时，将在未来发行版中删除
[WARNING] 要隐藏有关已过时选项的警告, 请使用 -Xlint:-options。
[INFO] 
[INFO] --- resources:3.3.1:testResources (default-testResources) @ boba-straw-benchmarks ---
[INFO] Not copying test resources
[INFO] 
[INFO] --- compiler:3.13.0:testCompile (default-testCompile) @ boba-straw-benchmarks ---
[INFO] Not compiling test sources
[INFO] 
[INFO] --- surefire:3.2.5:test (default-test) @ boba-straw-benchmarks ---
[INFO] Tests are skipped.
[INFO] 
[INFO] --- jar:3.3.0:jar (default-jar) @ boba-straw-benchmarks ---
[INFO] Building jar: /private/tmp/boba-straw-c5-ab-uSfXF0/baseline/boba-straw-benchmarks/target/boba-straw-benchmarks-0.1.0-SNAPSHOT.jar
[INFO] 
[INFO] --- shade:3.5.3:shade (default) @ boba-straw-benchmarks ---
[INFO] Shading has been skipped.
[INFO] 
[INFO] --- shade:3.5.3:shade (thin-harness) @ boba-straw-benchmarks ---
[INFO] Including org.openjdk.jmh:jmh-core:jar:1.37 in the shaded jar.
[INFO] Including net.sf.jopt-simple:jopt-simple:jar:5.0.4 in the shaded jar.
[INFO] Including org.apache.commons:commons-math3:jar:3.6.1 in the shaded jar.
[INFO] Excluding io.github.susongyan:boba-straw-core:jar:0.1.0-SNAPSHOT from the shaded jar.
[WARNING] boba-straw-benchmarks-0.1.0-SNAPSHOT.jar, commons-math3-3.6.1.jar, jmh-core-1.37.jar, jopt-simple-5.0.4.jar define 1 overlapping resource: 
[WARNING]   - META-INF/MANIFEST.MF
[WARNING] maven-shade-plugin has detected that some files are
[WARNING] present in two or more JARs. When this happens, only one
[WARNING] single version of the file is copied to the uber jar.
[WARNING] Usually this is not harmful and you can skip these warnings,
[WARNING] otherwise try to manually exclude artifacts based on
[WARNING] mvn dependency:tree -Ddetail=true and the above output.
[WARNING] See https://maven.apache.org/plugins/maven-shade-plugin/
[INFO] Replacing /private/tmp/boba-straw-c5-ab-uSfXF0/baseline/boba-straw-benchmarks/target/benchmarks-harness.jar with /private/tmp/boba-straw-c5-ab-uSfXF0/baseline/boba-straw-benchmarks/target/boba-straw-benchmarks-0.1.0-SNAPSHOT-shaded.jar
[INFO] ------------------------------------------------------------------------
[INFO] Reactor Summary for Boba Straw 0.1.0-SNAPSHOT:
[INFO] 
[INFO] Boba Straw ......................................... SUCCESS [  0.007 s]
[INFO] Boba Straw Core .................................... SUCCESS [  8.691 s]
[INFO] Boba Straw Benchmarks .............................. SUCCESS [  5.853 s]
[INFO] ------------------------------------------------------------------------
[INFO] BUILD SUCCESS
[INFO] ------------------------------------------------------------------------
[INFO] Total time:  14.786 s
[INFO] Finished at: 2026-09-28T17:45:34+08:00
[INFO] ------------------------------------------------------------------------
