[INFO] Scanning for projects...
[INFO] ------------------------------------------------------------------------
[INFO] Reactor Build Order:
[INFO] 
[INFO] Boba Straw                                                         [pom]
[INFO] Boba Straw Core                                                    [jar]
[INFO] 
[INFO] ---------------< io.github.susongyan:boba-straw-parent >----------------
[INFO] Building Boba Straw 0.1.0-SNAPSHOT                                 [1/2]
[INFO]   from pom.xml
[INFO] --------------------------------[ pom ]---------------------------------
[INFO] 
[INFO] ----------------< io.github.susongyan:boba-straw-core >-----------------
[INFO] Building Boba Straw Core 0.1.0-SNAPSHOT                            [2/2]
[INFO]   from boba-straw-core/pom.xml
[INFO] --------------------------------[ jar ]---------------------------------
[INFO] 
[INFO] --- resources:3.3.1:resources (default-resources) @ boba-straw-core ---
[INFO] skip non existing resourceDirectory /private/tmp/boba-straw-c5-ab-uSfXF0/candidate/boba-straw-core/src/main/resources
[INFO] 
[INFO] --- compiler:3.13.0:compile (default-compile) @ boba-straw-core ---
[INFO] Recompiling the module because of changed source code.
[INFO] Compiling 52 source files with javac [debug target 1.8] to target/classes
[WARNING] 未与 -source 8 一起设置引导类路径
[WARNING] 源值 8 已过时，将在未来发行版中删除
[WARNING] 目标值 8 已过时，将在未来发行版中删除
[WARNING] 要隐藏有关已过时选项的警告, 请使用 -Xlint:-options。
[INFO] 
[INFO] --- resources:3.3.1:testResources (default-testResources) @ boba-straw-core ---
[INFO] Not copying test resources
[INFO] 
[INFO] --- compiler:3.13.0:testCompile (default-testCompile) @ boba-straw-core ---
[INFO] Not compiling test sources
[INFO] 
[INFO] --- surefire:3.2.5:test (default-test) @ boba-straw-core ---
[INFO] Tests are skipped.
[INFO] 
[INFO] --- jar:3.3.0:jar (default-jar) @ boba-straw-core ---
[INFO] Building jar: /private/tmp/boba-straw-c5-ab-uSfXF0/candidate/boba-straw-core/target/boba-straw-core-0.1.0-SNAPSHOT.jar
[INFO] ------------------------------------------------------------------------
[INFO] Reactor Summary for Boba Straw 0.1.0-SNAPSHOT:
[INFO] 
[INFO] Boba Straw ......................................... SUCCESS [  0.005 s]
[INFO] Boba Straw Core .................................... SUCCESS [ 14.703 s]
[INFO] ------------------------------------------------------------------------
[INFO] BUILD SUCCESS
[INFO] ------------------------------------------------------------------------
[INFO] Total time:  15.145 s
[INFO] Finished at: 2026-09-28T17:45:54+08:00
[INFO] ------------------------------------------------------------------------
